------------------------------------------------------------
TimeQuest Timing Analyzer Summary
------------------------------------------------------------

Type  : Slow 1100mV 85C Model Setup 'Clock'
Slack : 5.245
TNS   : 0.000

Type  : Slow 1100mV 85C Model Hold 'Clock'
Slack : 0.532
TNS   : 0.000

Type  : Slow 1100mV 85C Model Minimum Pulse Width 'Clock'
Slack : 2.998
TNS   : 0.000

Type  : Slow 1100mV 0C Model Setup 'Clock'
Slack : 5.300
TNS   : 0.000

Type  : Slow 1100mV 0C Model Hold 'Clock'
Slack : 0.554
TNS   : 0.000

Type  : Slow 1100mV 0C Model Minimum Pulse Width 'Clock'
Slack : 2.875
TNS   : 0.000

Type  : Fast 1100mV 85C Model Setup 'Clock'
Slack : 6.735
TNS   : 0.000

Type  : Fast 1100mV 85C Model Hold 'Clock'
Slack : 0.199
TNS   : 0.000

Type  : Fast 1100mV 85C Model Minimum Pulse Width 'Clock'
Slack : 3.160
TNS   : 0.000

Type  : Fast 1100mV 0C Model Setup 'Clock'
Slack : 6.793
TNS   : 0.000

Type  : Fast 1100mV 0C Model Hold 'Clock'
Slack : 0.190
TNS   : 0.000

Type  : Fast 1100mV 0C Model Minimum Pulse Width 'Clock'
Slack : 3.161
TNS   : 0.000

------------------------------------------------------------
